
> flashmenu-web@0.0.0 start
> ng serve --port 4201 --host 127.0.0.1

> Building...
√ Building...
Initial chunk files | Names                           |  Raw size
styles.css          | styles                          | 840.75 kB | 
main.js             | main                            |  43.96 kB | 
chunk-QU3ENJP7.js   | -                               |  25.36 kB | 
chunk-675XWWNW.js   | -                               |  10.86 kB | 
chunk-5YJ7QXEG.js   | -                               |   9.33 kB | 
chunk-HJKR7YJK.js   | -                               |   2.26 kB | 
chunk-VUJOFXKG.js   | -                               | 987 bytes | 
chunk-XKQWY546.js   | -                               | 731 bytes | 
chunk-R7S7QSAS.js   | -                               | 211 bytes | 
polyfills.js        | polyfills                       | 139 bytes | 

                    | Initial total                   | 934.58 kB

Lazy chunk files    | Names                           |  Raw size
chunk-W76OABYR.js   | checkout-component              | 138.87 kB | 
chunk-VBM36QO7.js   | pdv-component                   | 129.82 kB | 
chunk-WZ5AKKEG.js   | catalogo-component              | 112.23 kB | 
chunk-XVWMPSWJ.js   | produto-form-component          |  90.71 kB | 
chunk-5MXB6NQZ.js   | pedido-admin-list-component     |  85.06 kB | 
chunk-UVQSD3KY.js   | minha-conta-form-component      |  77.09 kB | 
chunk-U4KW6NCY.js   | entrega-admin-list-component    |  76.08 kB | 
chunk-XI52OPNW.js   | dashboard                       |  74.84 kB | 
chunk-6USRJQOP.js   | minhas-entregas-component       |  69.13 kB | 
chunk-R24S3BYL.js   | movimentacoes-produto-component |  66.96 kB | 
chunk-S7L6E6Y3.js   | unidade-form-component          |  65.40 kB | 
chunk-Q3YAIF2O.js   | produto-list-component          |  64.79 kB | 
chunk-EJAGWM3A.js   | entrega-detalhe-component       |  63.94 kB | 
chunk-G4QQFXKV.js   | pedido-detail-component         |  58.35 kB | 
chunk-UFD7PWP4.js   | usuario-list-component          |  54.65 kB | 
...and 47 more lazy chunks files. Use "--verbose" to show all the files.

Application bundle generation complete. [13.743 seconds] - 2026-08-19T22:47:15.712Z

Watch mode enabled. Watching for file changes...
NOTE: Raw file sizes do not reflect development server per-request transformations.
[2m19:47:16[22m [36m[1m[vite][22m[39m [90m[2m(client)[22m[39m Re-optimizing dependencies because vite config has changed
  [32m➜[39m  [1mLocal[22m:   [36mhttp://127.0.0.1:[1m4201[22m/[39m
[2m19:47:18[22m [36m[1m[vite][22m[39m [90m[2m(client)[22m[39m [optimizer] bundling dependencies...
> Changes detected. Rebuilding...
√ Changes detected. Rebuilding...
Initial chunk files | Names                           |  Raw size
styles.css          | styles                          | 840.75 kB | 
main.js             | main                            |  43.96 kB | 
chunk-QU3ENJP7.js   | -                               |  25.36 kB | 
chunk-675XWWNW.js   | -                               |  10.86 kB | 
chunk-5YJ7QXEG.js   | -                               |   9.33 kB | 
chunk-HJKR7YJK.js   | -                               |   2.26 kB | 
chunk-VUJOFXKG.js   | -                               | 987 bytes | 
chunk-XKQWY546.js   | -                               | 731 bytes | 
chunk-R7S7QSAS.js   | -                               | 211 bytes | 
polyfills.js        | polyfills                       | 139 bytes | 

                    | Initial total                   | 934.58 kB

Lazy chunk files    | Names                           |  Raw size
chunk-W76OABYR.js   | checkout-component              | 138.87 kB | 
chunk-VBM36QO7.js   | pdv-component                   | 129.82 kB | 
chunk-WZ5AKKEG.js   | catalogo-component              | 112.23 kB | 
chunk-XVWMPSWJ.js   | produto-form-component          |  90.71 kB | 
chunk-5MXB6NQZ.js   | pedido-admin-list-component     |  85.06 kB | 
chunk-UVQSD3KY.js   | minha-conta-form-component      |  77.09 kB | 
chunk-U4KW6NCY.js   | entrega-admin-list-component    |  76.08 kB | 
chunk-XI52OPNW.js   | dashboard                       |  74.84 kB | 
chunk-6USRJQOP.js   | minhas-entregas-component       |  69.13 kB | 
chunk-R24S3BYL.js   | movimentacoes-produto-component |  66.96 kB | 
chunk-S7L6E6Y3.js   | unidade-form-component          |  65.40 kB | 
chunk-Q3YAIF2O.js   | produto-list-component          |  64.79 kB | 
chunk-EJAGWM3A.js   | entrega-detalhe-component       |  63.94 kB | 
chunk-G4QQFXKV.js   | pedido-detail-component         |  58.35 kB | 
chunk-UFD7PWP4.js   | usuario-list-component          |  54.65 kB | 
...and 47 more lazy chunks files. Use "--verbose" to show all the files.

Application bundle generation complete. [0.738 seconds] - 2026-08-19T22:58:06.330Z

> Changes detected. Rebuilding...
√ Changes detected. Rebuilding...
Initial chunk files | Names | Raw size
main.js             | main  | 43.03 kB | 

Application bundle generation complete. [5.617 seconds] - 2026-08-19T22:58:23.934Z

Page reload sent to client(s).
> Changes detected. Rebuilding...
√ Changes detected. Rebuilding...
Initial chunk files | Names              | Raw size
main.js             | main               | 43.03 kB | 

Lazy chunk files    | Names              | Raw size
chunk-MVPZYANH.js   | carrinho-component | 45.63 kB | 

Application bundle generation complete. [1.501 seconds] - 2026-08-19T22:58:27.345Z

Page reload sent to client(s).
> Changes detected. Rebuilding...
√ Changes detected. Rebuilding...
Initial chunk files | Names              |  Raw size
styles.css          | styles             | 822.25 kB | 
main.js             | main               |  43.03 kB | 

Lazy chunk files    | Names              |  Raw size
chunk-TUE34BDO.js   | checkout-component | 139.39 kB | 
chunk-ASOY65IA.js   | pdv-component      | 129.82 kB | 
chunk-HCSUUP32.js   | catalogo-component | 113.85 kB | 
chunk-33DAHD7T.js   | carrinho-component |  45.63 kB | 
chunk-7OD532B6.js   | -                  |  43.77 kB | 

Application bundle generation complete. [2.865 seconds] - 2026-08-19T22:59:02.194Z

Page reload sent to client(s).
> Changes detected. Rebuilding...
√ Changes detected. Rebuilding...
Initial chunk files | Names                           |  Raw size
styles.css          | styles                          | 822.25 kB | 
main.js             | main                            |  43.03 kB | 
chunk-QU3ENJP7.js   | -                               |  25.36 kB | 
chunk-675XWWNW.js   | -                               |  10.86 kB | 
chunk-5YJ7QXEG.js   | -                               |   9.33 kB | 
chunk-HJKR7YJK.js   | -                               |   2.26 kB | 
chunk-VUJOFXKG.js   | -                               | 987 bytes | 
chunk-XKQWY546.js   | -                               | 731 bytes | 
chunk-R7S7QSAS.js   | -                               | 211 bytes | 
polyfills.js        | polyfills                       | 139 bytes | 

                    | Initial total                   | 915.15 kB

Lazy chunk files    | Names                           |  Raw size
chunk-TUE34BDO.js   | checkout-component              | 139.39 kB | 
chunk-ASOY65IA.js   | pdv-component                   | 129.82 kB | 
chunk-HCSUUP32.js   | catalogo-component              | 113.85 kB | 
chunk-XVWMPSWJ.js   | produto-form-component          |  90.71 kB | 
chunk-5MXB6NQZ.js   | pedido-admin-list-component     |  85.06 kB | 
chunk-UVQSD3KY.js   | minha-conta-form-component      |  77.09 kB | 
chunk-U4KW6NCY.js   | entrega-admin-list-component    |  76.08 kB | 
chunk-XI52OPNW.js   | dashboard                       |  74.84 kB | 
chunk-6USRJQOP.js   | minhas-entregas-component       |  69.13 kB | 
chunk-R24S3BYL.js   | movimentacoes-produto-component |  66.96 kB | 
chunk-S7L6E6Y3.js   | unidade-form-component          |  65.40 kB | 
chunk-Q3YAIF2O.js   | produto-list-component          |  64.79 kB | 
chunk-EJAGWM3A.js   | entrega-detalhe-component       |  63.94 kB | 
chunk-G4QQFXKV.js   | pedido-detail-component         |  58.35 kB | 
chunk-UFD7PWP4.js   | usuario-list-component          |  54.65 kB | 
...and 47 more lazy chunks files. Use "--verbose" to show all the files.

Application bundle generation complete. [0.626 seconds] - 2026-08-19T23:00:08.455Z

> Changes detected. Rebuilding...
√ Changes detected. Rebuilding...
Application bundle generation failed. [0.053 seconds] - 2026-08-19T23:00:27.349Z

> Changes detected. Rebuilding...
√ Changes detected. Rebuilding...
Application bundle generation failed. [1.298 seconds] - 2026-08-19T23:01:30.022Z

> Changes detected. Rebuilding...
√ Changes detected. Rebuilding...
Application bundle generation failed. [0.410 seconds] - 2026-08-19T23:01:50.218Z

> Changes detected. Rebuilding...
√ Changes detected. Rebuilding...
Application bundle generation failed. [1.251 seconds] - 2026-08-19T23:09:06.221Z

> Changes detected. Rebuilding...
√ Changes detected. Rebuilding...
Application bundle generation failed. [0.817 seconds] - 2026-08-19T23:10:16.615Z

> Changes detected. Rebuilding...
√ Changes detected. Rebuilding...
Application bundle generation failed. [0.814 seconds] - 2026-08-19T23:11:19.679Z

> Changes detected. Rebuilding...
√ Changes detected. Rebuilding...
Application bundle generation failed. [1.048 seconds] - 2026-08-19T23:12:51.100Z

> Changes detected. Rebuilding...
√ Changes detected. Rebuilding...
Application bundle generation failed. [0.904 seconds] - 2026-08-19T23:13:39.714Z

> Changes detected. Rebuilding...
√ Changes detected. Rebuilding...
Application bundle generation failed. [1.078 seconds] - 2026-08-19T23:41:32.292Z

> Changes detected. Rebuilding...
√ Changes detected. Rebuilding...
Application bundle generation failed. [0.626 seconds] - 2026-08-19T23:42:43.059Z

> Changes detected. Rebuilding...
√ Changes detected. Rebuilding...
Application bundle generation failed. [1.087 seconds] - 2026-08-19T23:43:21.669Z

> Changes detected. Rebuilding...
√ Changes detected. Rebuilding...
Application bundle generation failed. [0.714 seconds] - 2026-08-19T23:43:37.588Z

> Changes detected. Rebuilding...
√ Changes detected. Rebuilding...
Application bundle generation failed. [0.976 seconds] - 2026-08-19T23:44:19.572Z

> Changes detected. Rebuilding...
√ Changes detected. Rebuilding...
Application bundle generation failed. [0.591 seconds] - 2026-08-19T23:44:43.366Z

> Changes detected. Rebuilding...
√ Changes detected. Rebuilding...
Application bundle generation failed. [0.684 seconds] - 2026-08-19T23:45:23.126Z

> Changes detected. Rebuilding...
√ Changes detected. Rebuilding...
Application bundle generation failed. [0.722 seconds] - 2026-08-19T23:48:12.056Z

> Changes detected. Rebuilding...
√ Changes detected. Rebuilding...
Application bundle generation failed. [1.081 seconds] - 2026-08-19T23:48:21.169Z

> Changes detected. Rebuilding...
√ Changes detected. Rebuilding...
Application bundle generation failed. [0.592 seconds] - 2026-08-19T23:48:39.216Z

> Changes detected. Rebuilding...
√ Changes detected. Rebuilding...
Application bundle generation failed. [0.607 seconds] - 2026-08-19T23:48:55.957Z

> Changes detected. Rebuilding...
√ Changes detected. Rebuilding...
Application bundle generation failed. [0.676 seconds] - 2026-08-19T23:52:52.926Z

> Changes detected. Rebuilding...
√ Changes detected. Rebuilding...
Application bundle generation failed. [0.920 seconds] - 2026-08-19T23:53:32.022Z

> Changes detected. Rebuilding...
√ Changes detected. Rebuilding...
Application bundle generation failed. [0.760 seconds] - 2026-08-19T23:53:50.522Z

> Changes detected. Rebuilding...
√ Changes detected. Rebuilding...
Application bundle generation failed. [0.834 seconds] - 2026-08-20T00:13:46.473Z

> Changes detected. Rebuilding...
√ Changes detected. Rebuilding...
Application bundle generation failed. [0.886 seconds] - 2026-08-20T00:14:14.561Z

> Changes detected. Rebuilding...
√ Changes detected. Rebuilding...
Application bundle generation failed. [0.969 seconds] - 2026-08-20T00:22:53.202Z

> Changes detected. Rebuilding...
√ Changes detected. Rebuilding...
Application bundle generation failed. [1.282 seconds] - 2026-08-20T00:23:02.235Z

> Changes detected. Rebuilding...
√ Changes detected. Rebuilding...
Application bundle generation failed. [0.843 seconds] - 2026-08-20T00:23:19.537Z

> Changes detected. Rebuilding...
√ Changes detected. Rebuilding...
Application bundle generation failed. [0.814 seconds] - 2026-08-20T00:25:07.759Z

> Changes detected. Rebuilding...
√ Changes detected. Rebuilding...
Application bundle generation failed. [0.830 seconds] - 2026-08-20T00:25:52.208Z

> Changes detected. Rebuilding...
√ Changes detected. Rebuilding...
Application bundle generation failed. [0.957 seconds] - 2026-08-20T00:26:01.399Z

> Changes detected. Rebuilding...
√ Changes detected. Rebuilding...
Application bundle generation failed. [0.660 seconds] - 2026-08-20T00:26:15.775Z

> Changes detected. Rebuilding...
√ Changes detected. Rebuilding...
Application bundle generation failed. [1.054 seconds] - 2026-08-20T00:27:01.082Z

> Changes detected. Rebuilding...
√ Changes detected. Rebuilding...
Application bundle generation failed. [0.924 seconds] - 2026-08-20T00:27:11.273Z

> Changes detected. Rebuilding...
√ Changes detected. Rebuilding...
Application bundle generation failed. [1.118 seconds] - 2026-08-20T00:27:23.306Z

> Changes detected. Rebuilding...
√ Changes detected. Rebuilding...
Application bundle generation failed. [1.317 seconds] - 2026-08-20T00:28:01.898Z

> Changes detected. Rebuilding...
√ Changes detected. Rebuilding...
Application bundle generation failed. [1.299 seconds] - 2026-08-20T00:28:12.765Z

> Changes detected. Rebuilding...
√ Changes detected. Rebuilding...
Application bundle generation failed. [1.459 seconds] - 2026-08-20T00:38:17.840Z

> Changes detected. Rebuilding...
√ Changes detected. Rebuilding...
Application bundle generation failed. [1.168 seconds] - 2026-08-20T00:39:01.874Z

> Changes detected. Rebuilding...
√ Changes detected. Rebuilding...
Application bundle generation failed. [1.823 seconds] - 2026-08-20T00:42:09.890Z

> Changes detected. Rebuilding...
√ Changes detected. Rebuilding...
Application bundle generation failed. [1.750 seconds] - 2026-08-20T00:43:13.395Z

> Changes detected. Rebuilding...
√ Changes detected. Rebuilding...
Application bundle generation failed. [1.375 seconds] - 2026-08-20T00:43:22.372Z

> Changes detected. Rebuilding...
√ Changes detected. Rebuilding...
Application bundle generation failed. [1.202 seconds] - 2026-08-20T00:43:35.182Z

> Changes detected. Rebuilding...
√ Changes detected. Rebuilding...
Application bundle generation failed. [1.568 seconds] - 2026-08-20T00:43:44.972Z

> Changes detected. Rebuilding...
√ Changes detected. Rebuilding...
Application bundle generation failed. [0.800 seconds] - 2026-08-20T00:44:39.002Z

> Changes detected. Rebuilding...
√ Changes detected. Rebuilding...
Application bundle generation failed. [1.009 seconds] - 2026-08-20T00:44:56.491Z

> Changes detected. Rebuilding...
√ Changes detected. Rebuilding...
Application bundle generation failed. [1.062 seconds] - 2026-08-20T00:45:42.393Z

> Changes detected. Rebuilding...
√ Changes detected. Rebuilding...
Application bundle generation failed. [1.222 seconds] - 2026-08-20T00:48:45.972Z
